Benchmarking cuBLAS                     M=1024 N=1024 K=1024 ... 18161.09 GFLOPS  (err=0.00e+00)  [PASS]
Benchmarking 1_Naive                    M=1024 N=1024 K=1024 ...  260.42 GFLOPS  (err=6.87e-05)  [PASS]
Benchmarking 2_GMEM_Coalescing          M=1024 N=1024 K=1024 ... 2375.34 GFLOPS  (err=6.87e-05)  [PASS]
Benchmarking 3_SMEM_Caching             M=1024 N=1024 K=1024 ... 2971.60 GFLOPS  (err=6.87e-05)  [PASS]
Benchmarking 4_1D_Blocktile             M=1024 N=1024 K=1024 ... 6436.68 GFLOPS  (err=6.87e-05)  [PASS]
Benchmarking 5_2D_Blocktile             M=1024 N=1024 K=1024 ... 4182.62 GFLOPS  (err=6.87e-05)  [PASS]
Benchmarking 6_Vectorized               M=1024 N=1024 K=1024 ... 12272.57 GFLOPS  (err=6.87e-05)  [PASS]
Benchmarking 7_Bank_Extra_Col           M=1024 N=1024 K=1024 ... 11233.68 GFLOPS  (err=6.87e-05)  [PASS]
Benchmarking 8_Warptiling               M=1024 N=1024 K=1024 ... 12963.39 GFLOPS  (err=6.87e-05)  [PASS]
Benchmarking 9_Double_Buffering         M=1024 N=1024 K=1024 ... 12953.38 GFLOPS  (err=6.87e-05)  [PASS]
Benchmarking 10_Transpose               M=1024 N=1024 K=1024 ...  284.31 GFLOPS  (err=6.87e-05)  [PASS]
Benchmarking 11_Recursive_Tile          M=1024 N=1024 K=1024 ... 3022.76 GFLOPS  (err=6.87e-05)  [PASS]
Benchmarking cuBLAS                     M=2048 N=2048 K=2048 ... 23819.96 GFLOPS  (err=0.00e+00)  [PASS]
Benchmarking 1_Naive                    M=2048 N=2048 K=2048 ...  301.36 GFLOPS  (err=1.60e-04)  [PASS]
Benchmarking 2_GMEM_Coalescing          M=2048 N=2048 K=2048 ... 2299.68 GFLOPS  (err=1.60e-04)  [PASS]
Benchmarking 3_SMEM_Caching             M=2048 N=2048 K=2048 ... 2942.02 GFLOPS  (err=1.60e-04)  [PASS]
Benchmarking 4_1D_Blocktile             M=2048 N=2048 K=2048 ... 7650.62 GFLOPS  (err=1.60e-04)  [PASS]
Benchmarking 5_2D_Blocktile             M=2048 N=2048 K=2048 ... 8333.98 GFLOPS  (err=1.60e-04)  [PASS]
Benchmarking 6_Vectorized               M=2048 N=2048 K=2048 ... 17045.47 GFLOPS  (err=1.60e-04)  [PASS]
Benchmarking 7_Bank_Extra_Col           M=2048 N=2048 K=2048 ... 14573.99 GFLOPS  (err=1.60e-04)  [PASS]
Benchmarking 8_Warptiling               M=2048 N=2048 K=2048 ... 18579.61 GFLOPS  (err=1.60e-04)  [PASS]
Benchmarking 9_Double_Buffering         M=2048 N=2048 K=2048 ... 16222.41 GFLOPS  (err=1.60e-04)  [PASS]
Benchmarking 10_Transpose               M=2048 N=2048 K=2048 ...  298.94 GFLOPS  (err=1.60e-04)  [PASS]
Benchmarking 11_Recursive_Tile          M=2048 N=2048 K=2048 ... 3001.23 GFLOPS  (err=1.60e-04)  [PASS]
Benchmarking cuBLAS                     M=4096 N=4096 K=4096 ... 24383.79 GFLOPS  (err=0.00e+00)  [PASS]
Benchmarking 1_Naive                    M=4096 N=4096 K=4096 ...  301.48 GFLOPS  (err=0.00e+00)  [PASS]
Benchmarking 2_GMEM_Coalescing          M=4096 N=4096 K=4096 ... 2207.43 GFLOPS  (err=0.00e+00)  [PASS]
Benchmarking 3_SMEM_Caching             M=4096 N=4096 K=4096 ... 2959.24 GFLOPS  (err=0.00e+00)  [PASS]
Benchmarking 4_1D_Blocktile             M=4096 N=4096 K=4096 ... 7396.27 GFLOPS  (err=0.00e+00)  [PASS]
Benchmarking 5_2D_Blocktile             M=4096 N=4096 K=4096 ... 8783.96 GFLOPS  (err=0.00e+00)  [PASS]
Benchmarking 6_Vectorized               M=4096 N=4096 K=4096 ... 18572.69 GFLOPS  (err=0.00e+00)  [PASS]
Benchmarking 7_Bank_Extra_Col           M=4096 N=4096 K=4096 ... 16370.01 GFLOPS  (err=0.00e+00)  [PASS]
Benchmarking 8_Warptiling               M=4096 N=4096 K=4096 ... 21887.97 GFLOPS  (err=0.00e+00)  [PASS]
Benchmarking 9_Double_Buffering         M=4096 N=4096 K=4096 ... 18105.11 GFLOPS  (err=0.00e+00)  [PASS]
Benchmarking 10_Transpose               M=4096 N=4096 K=4096 ...  302.83 GFLOPS  (err=0.00e+00)  [PASS]
Benchmarking 11_Recursive_Tile          M=4096 N=4096 K=4096 ... 2990.53 GFLOPS  (err=0.00e+00)  [PASS]
