=== Sweeping BK ===
  BM=128 BN=128 BK=4 TM=8 TN=8 -> 7615.23 GFLOPS
  BM=128 BN=128 BK=8 TM=8 TN=8 -> 7544.39 GFLOPS
  BM=128 BN=128 BK=16 TM=8 TN=8 -> 7350.37 GFLOPS
  BM=128 BN=128 BK=32 TM=8 TN=8 -> 7289.44 GFLOPS
=== Sweeping TM/TN ===
  BM=128 BN=128 BK=8 TM=4 TN=4 -> 8236.24 GFLOPS
  BM=128 BN=128 BK=8 TM=4 TN=8 -> 5935.06 GFLOPS
  BM=128 BN=128 BK=8 TM=8 TN=4 -> 6911.92 GFLOPS
  BM=128 BN=128 BK=8 TM=8 TN=8 -> 8397.43 GFLOPS
  BM=128 BN=128 BK=8 TM=16 TN=8 -> 5164.26 GFLOPS
  BM=128 BN=128 BK=8 TM=8 TN=16 -> 4471.78 GFLOPS
  BM=128 BN=128 BK=8 TM=16 TN=16 -> 3937.42 GFLOPS
=== Sweeping BM/BN ===
  BM=32 BN=32 BK=8 TM=8 TN=8 -> 1546.60 GFLOPS
  BM=64 BN=64 BK=8 TM=8 TN=8 -> 5227.14 GFLOPS
  BM=64 BN=128 BK=8 TM=8 TN=8 -> 6588.86 GFLOPS
  BM=128 BN=64 BK=8 TM=8 TN=8 -> 6317.26 GFLOPS
  BM=128 BN=128 BK=8 TM=8 TN=8 -> 8351.60 GFLOPS
  BM=128 BN=256 BK=8 TM=8 TN=8 -> 7904.46 GFLOPS
  BM=256 BN=128 BK=8 TM=8 TN=8 -> 7652.09 GFLOPS
=== Edge cases ===
  BM=64 BN=64 BK=4 TM=4 TN=4 -> 10145.59 GFLOPS
  BM=64 BN=64 BK=16 TM=4 TN=4 -> 7344.57 GFLOPS
  BM=128 BN=128 BK=8 TM=4 TN=4 -> 8883.99 GFLOPS
