Benchmarking cuBLAS                     M=1024 N=1024 K=1024 ... 19562.98 GFLOPS  (err=0.00e+00)  [PASS]
Benchmarking 1_Naive                    M=1024 N=1024 K=1024 ...  165.17 GFLOPS  (err=6.87e-05)  [PASS]
Benchmarking 2_GMEM_Coalescing          M=1024 N=1024 K=1024 ... 2344.23 GFLOPS  (err=6.87e-05)  [PASS]
Benchmarking 3_SMEM_Caching             M=1024 N=1024 K=1024 ... 2884.27 GFLOPS  (err=6.87e-05)  [PASS]
Benchmarking 4_1D_Blocktile             M=1024 N=1024 K=1024 ... 6230.11 GFLOPS  (err=6.87e-05)  [PASS]
Benchmarking 5_2D_Blocktile             M=1024 N=1024 K=1024 ... 4128.25 GFLOPS  (err=6.87e-05)  [PASS]
Benchmarking 6_Vectorized               M=1024 N=1024 K=1024 ... 4570.95 GFLOPS  (err=6.87e-05)  [PASS]
Benchmarking 7_Warptiling               M=1024 N=1024 K=1024 ... 3759.66 GFLOPS  (err=6.87e-05)  [PASS]
Benchmarking 8_Transpose                M=1024 N=1024 K=1024 ...  155.39 GFLOPS  (err=6.87e-05)  [PASS]
Benchmarking 9_Recursive_Tile           M=1024 N=1024 K=1024 ... 2992.91 GFLOPS  (err=6.87e-05)  [PASS]
Benchmarking cuBLAS                     M=2048 N=2048 K=2048 ... 23324.37 GFLOPS  (err=0.00e+00)  [PASS]
Benchmarking 1_Naive                    M=2048 N=2048 K=2048 ...  161.52 GFLOPS  (err=1.60e-04)  [PASS]
Benchmarking 2_GMEM_Coalescing          M=2048 N=2048 K=2048 ... 1418.16 GFLOPS  (err=1.60e-04)  [PASS]
Benchmarking 3_SMEM_Caching             M=2048 N=2048 K=2048 ... 1922.30 GFLOPS  (err=1.60e-04)  [PASS]
Benchmarking 4_1D_Blocktile             M=2048 N=2048 K=2048 ... 3815.68 GFLOPS  (err=1.60e-04)  [PASS]
Benchmarking 5_2D_Blocktile             M=2048 N=2048 K=2048 ... 3945.98 GFLOPS  (err=1.60e-04)  [PASS]
Benchmarking 6_Vectorized               M=2048 N=2048 K=2048 ... 8458.04 GFLOPS  (err=1.60e-04)  [PASS]
Benchmarking 7_Warptiling               M=2048 N=2048 K=2048 ... 3168.52 GFLOPS  (err=1.60e-04)  [PASS]
Benchmarking 8_Transpose                M=2048 N=2048 K=2048 ...  159.22 GFLOPS  (err=1.60e-04)  [PASS]
Benchmarking 9_Recursive_Tile           M=2048 N=2048 K=2048 ... 1787.93 GFLOPS  (err=1.60e-04)  [PASS]
Benchmarking cuBLAS                     M=4096 N=4096 K=4096 ... 14325.12 GFLOPS  (err=0.00e+00)  [PASS]
Benchmarking 1_Naive                    M=4096 N=4096 K=4096 ...  149.16 GFLOPS  (err=0.00e+00)  [PASS]
Benchmarking 2_GMEM_Coalescing          M=4096 N=4096 K=4096 ... 1086.56 GFLOPS  (err=0.00e+00)  [PASS]
Benchmarking 3_SMEM_Caching             M=4096 N=4096 K=4096 ... 1421.44 GFLOPS  (err=0.00e+00)  [PASS]
Benchmarking 4_1D_Blocktile             M=4096 N=4096 K=4096 ... 3591.96 GFLOPS  (err=0.00e+00)  [PASS]
Benchmarking 5_2D_Blocktile             M=4096 N=4096 K=4096 ... 4420.46 GFLOPS  (err=0.00e+00)  [PASS]
Benchmarking 6_Vectorized               M=4096 N=4096 K=4096 ... 4622.50 GFLOPS  (err=0.00e+00)  [PASS]
Benchmarking 7_Warptiling               M=4096 N=4096 K=4096 ... 2724.75 GFLOPS  (err=0.00e+00)  [PASS]
Benchmarking 8_Transpose                M=4096 N=4096 K=4096 ...  148.23 GFLOPS  (err=0.00e+00)  [PASS]
Benchmarking 9_Recursive_Tile           M=4096 N=4096 K=4096 ... 1492.00 GFLOPS  (err=0.00e+00)  [PASS]
